stage B designs 594
200
400
594
 H lam8 q1.5 N1/12 120m x3 | T2 1w 8x60m T1r cal120 187 [0.98, 0.7, 0.71, 0.95] 0.7 0.96
 S lam8 q1.5 N1/12 90m x2 | T2 1w 8x60m T1r cal120 211 [0.98, 0.76, 0.69, 0.76] 0.69 0.89
 H lam8 q1.5 N1/12 90m x4 | T2 2w 8x60m T1r cal120 204 [0.92, 0.69, 0.7, 0.95] 0.69 0.81
 H lam8 q1.5 N1/12 120m x3 | T2 2w 8x60m T1r cal120 204 [0.9, 0.67, 0.7, 0.95] 0.67 0.9
 H lam8 q1.5 N1/12 120m x3 | T2 1w 8x60m T1r 187 [0.96, 0.66, 0.71, 0.95] 0.66 0.92
 H lam8 q1.5 N1/12 90m x4 | T2 1w 8x60m T1r cal120 187 [0.98, 0.76, 0.66, 0.95] 0.66 0.91
 H lam8 q1.5 N1/12 90m x4 | T2 1w 8x60m T1r 187 [0.97, 0.7, 0.66, 0.95] 0.66 0.85
 H lam8 q2 N1/12 120m x3 | T2 1w 8x60m T1r cal120 187 [0.95, 0.74, 0.65, 0.9] 0.65 0.88
 H lam8 q2 N1/12 120m x3 | T2 1w 8x60m T1r 187 [0.94, 0.7, 0.65, 0.9] 0.65 0.84
 S lam8 q1.5 N1/12 90m x2 | T2 1w 8x60m T1r 211 [0.98, 0.65, 0.69, 0.76] 0.65 0.78
 S lam8 q1.5 N1/12 60m x3 | T2 1w 8x60m T1r cal120 211 [0.96, 0.65, 0.69, 0.72] 0.65 0.78
 S lam8 q1.5 N1/12 60m x2 | T2 1w 8x60m T1r cal120 156 [0.96, 0.65, 0.69, 0.72] 0.65 0.78
 S lam8 q2 N1/12 90m x2 | T2 1w 8x60m T1r cal120 211 [0.97, 0.65, 0.66, 0.77] 0.65 0.76
 S lam8 q1.5 N1/12 90m x2 | T2 2w 8x60m T1r cal120 245 [0.88, 0.68, 0.64, 0.7] 0.64 0.79
 S lam8 q1.5 N1/12 60m x3 | T2 2w 8x60m T1r cal120 245 [0.88, 0.68, 0.64, 0.7] 0.64 0.79
time 922
done
