stage A designs 2136
200
400
600
800
1000
1200
1400
1600
1800
2000
2136
 H lam8 q1.5 N1/12 60m x4 | T2 1w 4x60m T1r cal120 124 [0.94, 0.68, 0.63, 0.82] 0.63 0.88
 H lam8 q1.5 N1/12 90m x4 | T2 1w 4x60m T1r cal120 179 [0.96, 0.65, 0.6, 0.91] 0.6 0.96
 S lam8 q1.5 N1/12 90m x2 | T2 1w 4x60m T1r cal120 194 [0.94, 0.63, 0.59, 0.72] 0.59 0.89
 S lam8 q1.5 N1/12 60m x3 | T2 1w 4x60m T1r cal120 194 [0.93, 0.73, 0.58, 0.68] 0.58 0.92
 S lam8 q1.5 N1/12 60m x2 | T2 1w 4x60m T1r cal120 140 [0.93, 0.63, 0.57, 0.67] 0.57 0.86
 H lam8 q1.5 N1/12 120m x3 | T2 1w 4x60m T1r cal120 179 [0.97, 0.6, 0.56, 0.89] 0.56 0.96
 S lam6 q1.5 N1/12 90m x2 | T2 1w 4x60m T1r cal120 194 [0.9, 0.56, 0.59, 0.87] 0.56 0.88
 S lam8 q1.5 N1/10 60m x2 | T2 1w 4x60m T1r cal120 121 [0.92, 0.59, 0.56, 0.72] 0.56 0.86
 S lam8 q2 N1/12 90m x2 | T2 1w 4x60m T1r cal120 194 [0.88, 0.59, 0.56, 0.7] 0.56 0.85
 H lam8 q1.5 N1/12 120m x2 | T2 1w 4x60m T1r cal120 124 [0.95, 0.62, 0.55, 0.91] 0.55 0.94
 H lam8 q1.5 N1/4/12 90m x2 | T2 1w 4x60m T1r cal120 122 [0.95, 0.55, 0.55, 0.86] 0.55 0.9
 H lam8 q1.5 N1/12 60m x3 | T2 1w 4x60m T1r cal120 97 [0.94, 0.65, 0.55, 0.83] 0.55 0.86
 H lam8 q1.5 N1/12 90m x3 | T2 1w 4x60m T1r cal120 138 [0.96, 0.62, 0.54, 0.88] 0.54 0.95
 S lam8 q1.5 N1/10 60m x3 | T2 1w 4x60m T1r cal120 167 [0.98, 0.7, 0.54, 0.73] 0.54 0.94
 H lam8 q1.5 N1/4/12 90m x3 | T2 1w 4x60m T1r cal120 176 [0.95, 0.57, 0.54, 0.87] 0.54 0.9
time 2505
